---
source: emg_animation/src/lib.rs
expression: "&am_state"

---
Animation {
    steps: [],
    props: [
        Prop(
            "opacity",
            Motion {
                position: NotNan(
                    1.0,
                ),
                velocity: NotNan(
                    0.0,
                ),
                target: NotNan(
                    1.0,
                ),
                interpolation: Spring {
                    stiffness: NotNan(
                        170.0,
                    ),
                    damping: NotNan(
                        26.0,
                    ),
                },
                unit: None,
                interpolation_override: None,
            },
        ),
    ],
    timing: Timing {
        current: 13.093s,
        dt: 17ms,
    },
    running: false,
    interruption: [],
}
