---
source: emg_layout/src/animation.rs
expression: "&a"

---
AnimationEdge {
    inside: AnimationInside {
        steps: StateVar(
            [],
        ),
        interruption: StateVar(
            [],
        ),
        props: [
            StateVarProperty(
                StateVar(
                    Prop(
                        "opacity",
                        Motion {
                            position: NotNan(
                                1.0,
                            ),
                            velocity: NotNan(
                                0.0,
                            ),
                            target: NotNan(
                                1.0,
                            ),
                            interpolation: Spring {
                                stiffness: NotNan(
                                    170.0,
                                ),
                                damping: NotNan(
                                    26.0,
                                ),
                            },
                            unit: Empty,
                            interpolation_override: None,
                        },
                    ),
                ),
            ),
        ],
    },
    timing: StateAnchor(
        Timing {
            current: 0ns,
            dt: 0ns,
        },
    ),
    running: StateAnchor(
        false,
    ),
}
