---
source: emg_layout/src/animation.rs
assertion_line: 934
expression: "&a"
---
AnimationEdge {
    inside: AnimationInside {
        steps: StateVar(
            RefCell {
                value: [
                    _Step,
                ],
            },
        ),
        interruption: StateVar(
            [],
        ),
        props: [
            StateVarProperty(
                StateVar(
                    Prop(
                        TypeName(
                            "CssWidth",
                        ),
                        Motion {
                            position: NotNan(
                                1.758191,
                            ),
                            velocity: NotNan(
                                -8.668951,
                            ),
                            target: NotNan(
                                0.0,
                            ),
                            interpolation: Spring {
                                stiffness: NotNan(
                                    170.0,
                                ),
                                damping: NotNan(
                                    26.0,
                                ),
                            },
                            unit: Px,
                            interpolation_override: None,
                        },
                    ),
                ),
            ),
        ],
    },
    timing: StateAnchor(
        Timing {
            current: 33ms,
            dt: 17ms,
        },
    ),
    running: StateAnchor(
        true,
    ),
}
