---
source: emg_layout/src/impl_refresh.rs
assertion_line: 447
expression: "&a"

---
AnimationEdge {
    inside: AnimationInside {
        steps: StateVar(
            [
                _Step,
                To(
                    [
                        Prop(
                            TypeName(
                                "CssWidth",
                            ),
                            Motion {
                                position: NotNan(
                                    1.0,
                                ),
                                velocity: NotNan(
                                    0.0,
                                ),
                                target: NotNan(
                                    1.0,
                                ),
                                interpolation: Spring {
                                    stiffness: NotNan(
                                        170.0,
                                    ),
                                    damping: NotNan(
                                        26.0,
                                    ),
                                },
                                unit: Px,
                                interpolation_override: None,
                            },
                        ),
                    ],
                ),
            ],
        ),
        interruption: StateVar(
            [],
        ),
        props: [
            StateVarProperty(
                StateVar(
                    Prop(
                        TypeName(
                            "CssWidth",
                        ),
                        Motion {
                            position: NotNan(
                                87.0304518011875,
                            ),
                            velocity: NotNan(
                                -429.1130700783828,
                            ),
                            target: NotNan(
                                0.0,
                            ),
                            interpolation: Spring {
                                stiffness: NotNan(
                                    170.0,
                                ),
                                damping: NotNan(
                                    26.0,
                                ),
                            },
                            unit: Px,
                            interpolation_override: None,
                        },
                    ),
                ),
            ),
        ],
    },
    timing: StateAnchor(
        Timing {
            current: 33ms,
            dt: 17ms,
        },
    ),
    running: StateAnchor(
        true,
    ),
}
