---
source: emg_layout/src/old/animation.rs
assertion_line: 1079
expression: "&a"

---
AnimationEdge {
    inside: AnimationInsideOG {
        steps: StateVar(
            [],
        ),
        interruption: StateVar(
            [],
        ),
        props: [
            StateVarPropertyOG(
                StateVar(
                    Prop(
                        TypeName(
                            "opacity",
                        ),
                        Motion {
                            position: NotNan(
                                1.0,
                            ),
                            velocity: NotNan(
                                0.0,
                            ),
                            target: NotNan(
                                1.0,
                            ),
                            interpolation: Spring {
                                stiffness: NotNan(
                                    170.0,
                                ),
                                damping: NotNan(
                                    26.0,
                                ),
                            },
                            unit: Empty,
                            interpolation_override: None,
                        },
                    ),
                ),
            ),
        ],
    },
    timing: StateAnchor(
        Timing {
            current: 3.184s,
            dt: 16.666ms,
        },
    ),
    running: StateAnchor(
        false,
    ),
}
