---
source: emg_layout/src/animation.rs
expression: "&a"

---
AnimationEdge {
    inside: AnimationInside {
        steps: StateVar(
            [],
        ),
        interruption: StateVar(
            [
                (
                    0ns,
                    [
                        To(
                            [
                                Prop(
                                    "CssWidth",
                                    Motion {
                                        position: NotNan(
                                            0.0,
                                        ),
                                        velocity: NotNan(
                                            0.0,
                                        ),
                                        target: NotNan(
                                            0.0,
                                        ),
                                        interpolation: Spring {
                                            stiffness: NotNan(
                                                170.0,
                                            ),
                                            damping: NotNan(
                                                26.0,
                                            ),
                                        },
                                        unit: Px,
                                        interpolation_override: None,
                                    },
                                ),
                            ],
                        ),
                        To(
                            [
                                Prop(
                                    "CssWidth",
                                    Motion {
                                        position: NotNan(
                                            1.0,
                                        ),
                                        velocity: NotNan(
                                            0.0,
                                        ),
                                        target: NotNan(
                                            1.0,
                                        ),
                                        interpolation: Spring {
                                            stiffness: NotNan(
                                                170.0,
                                            ),
                                            damping: NotNan(
                                                26.0,
                                            ),
                                        },
                                        unit: Px,
                                        interpolation_override: None,
                                    },
                                ),
                            ],
                        ),
                    ],
                ),
            ],
        ),
        props: [
            StateVarProperty(
                StateVar(
                    Prop(
                        "CssWidth",
                        Motion {
                            position: NotNan(
                                1.0,
                            ),
                            velocity: NotNan(
                                0.0,
                            ),
                            target: NotNan(
                                1.0,
                            ),
                            interpolation: Spring {
                                stiffness: NotNan(
                                    170.0,
                                ),
                                damping: NotNan(
                                    26.0,
                                ),
                            },
                            unit: Px,
                            interpolation_override: None,
                        },
                    ),
                ),
            ),
        ],
    },
    timing: StateAnchor(
        Timing {
            current: 0ns,
            dt: 0ns,
        },
    ),
    running: StateAnchor(
        true,
    ),
}
