---
source: gtree_macro/tests/test_ccss.rs
expression: x
---
(emg_core :: vector ! [emg_layout :: ccsa :: CCSS :: new (emg_layout :: ccsa :: CCSSSvvOpSvvExpr :: new (emg_layout :: ccsa :: ScopeViewVariable :: new (:: std :: option :: Option :: None , :: std :: option :: Option :: Some (emg_layout :: ccsa :: NameChars :: Id (emg_core :: IdStr :: new ("b1"))) , :: std :: option :: Option :: Some (emg_layout :: ccsa :: PredVariable (emg_core :: IdStr :: new ("right")))) , vec ! [emg_layout :: ccsa :: CCSSOpSvv :: new (emg_layout :: ccsa :: PredOp :: Add , emg_layout :: ccsa :: ScopeViewVariable :: new (:: std :: option :: Option :: None , :: std :: option :: Option :: Some (emg_layout :: ccsa :: NameChars :: Number (emg_core :: NotNan :: new (100 as f64) . unwrap ())) , :: std :: option :: Option :: None))]) , vec ! [emg_layout :: ccsa :: CCSSEqExpression :: new (emg_layout :: ccsa :: PredEq :: Eq , emg_layout :: ccsa :: CCSSSvvOpSvvExpr :: new (emg_layout :: ccsa :: ScopeViewVariable :: new (:: std :: option :: Option :: None , :: std :: option :: Option :: Some (emg_layout :: ccsa :: NameChars :: Id (emg_core :: IdStr :: new ("b2"))) , :: std :: option :: Option :: Some (emg_layout :: ccsa :: PredVariable (emg_core :: IdStr :: new ("left")))) , vec ! []))] , :: std :: option :: Option :: None) , emg_layout :: ccsa :: CCSS :: new (emg_layout :: ccsa :: CCSSSvvOpSvvExpr :: new (emg_layout :: ccsa :: ScopeViewVariable :: new (:: std :: option :: Option :: None , :: std :: option :: Option :: Some (emg_layout :: ccsa :: NameChars :: Id (emg_core :: IdStr :: new ("b2"))) , :: std :: option :: Option :: Some (emg_layout :: ccsa :: PredVariable (emg_core :: IdStr :: new ("right")))) , vec ! [emg_layout :: ccsa :: CCSSOpSvv :: new (emg_layout :: ccsa :: PredOp :: Add , emg_layout :: ccsa :: ScopeViewVariable :: new (:: std :: option :: Option :: None , :: std :: option :: Option :: Some (emg_layout :: ccsa :: NameChars :: Number (emg_core :: NotNan :: new (8 as f64) . unwrap ())) , :: std :: option :: Option :: None))]) , vec ! [emg_layout :: ccsa :: CCSSEqExpression :: new (emg_layout :: ccsa :: PredEq :: Eq , emg_layout :: ccsa :: CCSSSvvOpSvvExpr :: new (emg_layout :: ccsa :: ScopeViewVariable :: new (:: std :: option :: Option :: None , :: std :: option :: Option :: Some (emg_layout :: ccsa :: NameChars :: Id (emg_core :: IdStr :: new ("b3"))) , :: std :: option :: Option :: Some (emg_layout :: ccsa :: PredVariable (emg_core :: IdStr :: new ("left")))) , vec ! []))] , :: std :: option :: Option :: None)] , emg_core :: vector ! [emg_layout :: ccsa :: ScopeViewVariable :: new (:: std :: option :: Option :: None , :: std :: option :: Option :: Some (emg_layout :: ccsa :: NameChars :: Id (emg_core :: IdStr :: new ("b1"))) , :: std :: option :: Option :: None) , emg_layout :: ccsa :: ScopeViewVariable :: new (:: std :: option :: Option :: None , :: std :: option :: Option :: Some (emg_layout :: ccsa :: NameChars :: Id (emg_core :: IdStr :: new ("b2"))) , :: std :: option :: Option :: None) , emg_layout :: ccsa :: ScopeViewVariable :: new (:: std :: option :: Option :: None , :: std :: option :: Option :: Some (emg_layout :: ccsa :: NameChars :: Id (emg_core :: IdStr :: new ("b3"))) , :: std :: option :: Option :: None)])
