---
source: gtree_macro/tests/test_ccss.rs
expression: x
---
(emg_common :: vector ! [emg_layout :: ccsa :: CCSS :: new (emg_layout :: ccsa :: CCSSSvvOpSvvExpr :: new (emg_layout :: ccsa :: ScopeViewVariable :: new (:: std :: option :: Option :: None , :: std :: option :: Option :: Some (emg_layout :: ccsa :: NameCharsOrNumber :: Id (emg_common :: IdStr :: new ("b1"))) , :: std :: option :: Option :: Some (emg_layout :: ccsa :: PredVariable (emg_common :: IdStr :: new ("right")))) , vec ! []) , vec ! [emg_layout :: ccsa :: CCSSEqExpression :: new (emg_layout :: ccsa :: PredEq :: Eq , emg_layout :: ccsa :: CCSSSvvOpSvvExpr :: new (emg_layout :: ccsa :: ScopeViewVariable :: new (:: std :: option :: Option :: None , :: std :: option :: Option :: Some (emg_layout :: ccsa :: NameCharsOrNumber :: Id (emg_common :: IdStr :: new ("b2"))) , :: std :: option :: Option :: Some (emg_layout :: ccsa :: PredVariable (emg_common :: IdStr :: new ("left")))) , vec ! []))] , :: std :: option :: Option :: None)] , emg_common :: vector ! [emg_layout :: ccsa :: ScopeViewVariable :: new (:: std :: option :: Option :: None , :: std :: option :: Option :: Some (emg_layout :: ccsa :: NameCharsOrNumber :: Id (emg_common :: IdStr :: new ("b1"))) , :: std :: option :: Option :: None) , emg_layout :: ccsa :: ScopeViewVariable :: new (:: std :: option :: Option :: None , :: std :: option :: Option :: Some (emg_layout :: ccsa :: NameCharsOrNumber :: Id (emg_common :: IdStr :: new ("b2"))) , :: std :: option :: Option :: None)])
