---
source: gtree_macro/src/cassowary.rs
expression: disp
---
[
#btn1[right] + 8  ==  &window[center_x],
&window[center_x] + 8  ==  #btn2[left],
#btn1[top]  ==  #btn2[top],
#btn1[width]  ==  #btn2[width],
]

