---
source: gtree_macro/src/cassowary.rs
expression: disp
---
[
#b1[right] + ^(1)[md]  ==  #b2[left],
]

