---
source: gtree_macro/src/cassowary.rs
expression: disp
---
[
#b1[right] + 100  ==  #b2[left],
#b2[right] + #box1[width]  ==  #b3[left],
#b3[right] + #box1[width]  ==  #b4[left],
]

