---
source: gtree_macro/src/cassowary.rs
expression: disp
---
[
#parent[left]  <=  #sub[left],
#sub[right] + 2  <=  #parent[right],
]

