---
source: gtree_macro/src/cassowary.rs
expression: disp
---
[
#b1[bottom] + [vgap]  ==  #b2[top] !weak,
#b2[bottom] + [vgap]  ==  #b3[top] !weak,
#b3[bottom] + [vgap]  ==  #b4[top] !weak,
#b4[bottom] + [vgap]  ==  #b5[top] !weak,
]

