---
source: gtree_macro/src/cassowary.rs
assertion_line: 2297
expression: disp
---
[
&[left]  ==  #sub[left],
]

