---
source: gtree_macro/src/cassowary.rs
expression: disp
---
[
#sub[height]  ==  100,
]

