---
source: gtree_macro/src/cassowary.rs
expression: disp
---
CCSSS [
#parent[top] + 100 == #sub[top],
#sub[bottom] + 100 == #parent[bottom],
]

