---
source: gtree_macro/src/cassowary.rs
expression: disp
---
CCSSS [
#parent[top]  ==  #sub[top],
#sub[bottom]  ==  #parent[bottom],
]

