---
source: gtree_macro/src/cassowary.rs
expression: disp
---
CCSSS [
.box[right]  ==  .box:next[left],
]

