---
source: gtree_macro/src/cassowary.rs
expression: disp
---
[
#b1[right]  ==  #b2[left],
#b2[right]  ==  #b3[left],
#b1[width]  ==  [colwidth] ==  #b2[width] ==  [colwidth] ==  #b3[width] !strong,
#b1[width]  <=  500 >=  #b2[width] <=  500 >=  #b3[width] !require,
]

