---
source: gtree_macro/src/cassowary.rs
expression: disp
---
CCSSS [
#b1[height] >= 100,
]

