---
source: gtree_macro/src/cassowary.rs
expression: disp
---
[
#btn1[right] + 8  ==  "LitStr { token: "col3" }"[left],
"LitStr { token: "col4" }"[right] + 8  ==  #btn2[left],
]

