---
source: gtree_macro/src/cassowary.rs
expression: disp
---
[
#parent[left] + [baseline]  ==  #sub1[left],
#sub1[right] + 8  ==  #sub2[left],
#sub2[right] + [baseline]  ==  #parent[right],
]

