---
source: gtree_macro/src/cassowary.rs
expression: disp
---
CCSSS [
#b1[width]  <=  100,
#b2[width]  ==  #b1[width],
#b1[right]  ==  #b2[left],
]

