---
source: gtree_macro/src/cassowary.rs
expression: disp
---
[
"LitStr { token: "b1" }"[width]  <=  100,
"LitStr { token: "b2" }"[width]  ==  "LitStr { token: "b1" }"[width],
"LitStr { token: "b1" }"[right]  ==  "LitStr { token: "b2" }"[left],
]

